NAME                       READY   STATUS    RESTARTS   AGE
blue-5f5bb9895c-7bqm6      1/1     Running   0          10s
canary-cbfc7fdc9-ntd5b     1/1     Running   0          6s
client                     1/1     Running   0          16s
green-984784c7d-cd8b2      1/1     Running   0          10s
recreate-6dbb69469-b8g46   1/1     Running   0          2s
recreate-6dbb69469-jb7zn   1/1     Running   0          2s
rolling-6f4cd979fd-dqhmz   1/1     Running   0          12s
rolling-6f4cd979fd-fp6q6   1/1     Running   0          11s
stable-77f8cdb6d4-288p9    1/1     Running   0          6s
stable-77f8cdb6d4-87b4k    1/1     Running   0          6s
stable-77f8cdb6d4-hpmtx    1/1     Running   0          6s
stable-77f8cdb6d4-hx5mq    1/1     Running   0          6s
stable-77f8cdb6d4-j8chm    1/1     Running   0          6s
stable-77f8cdb6d4-lsw89    1/1     Running   0          6s
stable-77f8cdb6d4-nktsw    1/1     Running   0          6s
stable-77f8cdb6d4-qx4zj    1/1     Running   0          6s
stable-77f8cdb6d4-tgxcq    1/1     Running   0          6s
recreate-6dbb69469-jb7zn   1/1     Terminating   0          2s
recreate-6dbb69469-b8g46   1/1     Terminating   0          2s
recreate-6dbb69469-b8g46   1/1     Terminating   0          3s
recreate-6dbb69469-jb7zn   1/1     Terminating   0          3s
recreate-6dbb69469-jb7zn   1/1     Terminating   0          3s
recreate-6dbb69469-b8g46   1/1     Terminating   0          3s
recreate-6dbb69469-jb7zn   0/1     Completed     0          3s
recreate-6dbb69469-b8g46   0/1     Completed     0          3s
recreate-6dbb69469-b8g46   0/1     Completed     0          4s
recreate-6dbb69469-b8g46   0/1     Completed     0          4s
recreate-6dbb69469-jb7zn   0/1     Completed     0          4s
recreate-6dbb69469-jb7zn   0/1     Completed     0          4s
recreate-567d8b59c8-trqrz   0/1     Pending       0          0s
recreate-567d8b59c8-trqrz   0/1     Pending       0          0s
recreate-567d8b59c8-j9vrk   0/1     Pending       0          0s
recreate-567d8b59c8-j9vrk   0/1     Pending       0          0s
recreate-567d8b59c8-trqrz   0/1     ContainerCreating   0          0s
recreate-567d8b59c8-j9vrk   0/1     ContainerCreating   0          0s
recreate-567d8b59c8-trqrz   0/1     ContainerCreating   0          1s
recreate-567d8b59c8-j9vrk   0/1     ContainerCreating   0          1s
recreate-567d8b59c8-j9vrk   1/1     Running             0          1s
recreate-567d8b59c8-trqrz   1/1     Running             0          1s
standalone-5xfqq            0/1     Pending             0          0s
standalone-99hgx            0/1     Pending             0          0s
standalone-5xfqq            0/1     Pending             0          0s
standalone-99hgx            0/1     Pending             0          0s
standalone-5xfqq            0/1     ContainerCreating   0          0s
standalone-99hgx            0/1     ContainerCreating   0          0s
standalone-t8xh9            0/1     Pending             0          0s
standalone-t8xh9            0/1     Pending             0          0s
standalone-t8xh9            0/1     ContainerCreating   0          0s
blue-5f5bb9895c-7bqm6       1/1     Terminating         0          13s
canary-cbfc7fdc9-ntd5b      1/1     Terminating         0          9s
green-984784c7d-cd8b2       1/1     Terminating         0          13s
recreate-567d8b59c8-j9vrk   1/1     Terminating         0          2s
recreate-567d8b59c8-trqrz   1/1     Terminating         0          2s
blue-5f5bb9895c-7bqm6       1/1     Terminating         0          14s
rolling-6f4cd979fd-dqhmz    1/1     Terminating         0          16s
rolling-6f4cd979fd-fp6q6    1/1     Terminating         0          15s
green-984784c7d-cd8b2       1/1     Terminating         0          14s
stable-77f8cdb6d4-qx4zj     1/1     Terminating         0          10s
stable-77f8cdb6d4-288p9     1/1     Terminating         0          10s
stable-77f8cdb6d4-lsw89     1/1     Terminating         0          10s
rolling-6f4cd979fd-dqhmz    1/1     Terminating         0          16s
stable-77f8cdb6d4-hx5mq     1/1     Terminating         0          10s
stable-77f8cdb6d4-j8chm     1/1     Terminating         0          10s
stable-77f8cdb6d4-hpmtx     1/1     Terminating         0          10s
stable-77f8cdb6d4-tgxcq     1/1     Terminating         0          10s
stable-77f8cdb6d4-nktsw     1/1     Terminating         0          10s
stable-77f8cdb6d4-87b4k     1/1     Terminating         0          10s
canary-cbfc7fdc9-ntd5b      1/1     Terminating         0          10s
stable-77f8cdb6d4-hpmtx     1/1     Terminating         0          10s
standalone-5xfqq            0/1     Terminating         0          1s
stable-77f8cdb6d4-lsw89     1/1     Terminating         0          10s
standalone-99hgx            0/1     Terminating         0          1s
standalone-t8xh9            0/1     Terminating         0          1s
stable-77f8cdb6d4-nktsw     1/1     Terminating         0          10s
blue-5f5bb9895c-7bqm6       1/1     Terminating         0          14s
stable-77f8cdb6d4-288p9     1/1     Terminating         0          10s
stable-77f8cdb6d4-qx4zj     1/1     Terminating         0          10s
crashloop                   0/1     Pending             0          0s
crashloop                   0/1     Pending             0          0s
stable-77f8cdb6d4-hx5mq     1/1     Terminating         0          10s
rolling-6f4cd979fd-fp6q6    1/1     Terminating         0          15s
stable-77f8cdb6d4-tgxcq     1/1     Terminating         0          10s
canary-cbfc7fdc9-ntd5b      1/1     Terminating         0          10s
stable-77f8cdb6d4-j8chm     1/1     Terminating         0          10s
green-984784c7d-cd8b2       1/1     Terminating         0          14s
stable-77f8cdb6d4-87b4k     1/1     Terminating         0          10s
crashloop                   0/1     ContainerCreating   0          0s
standalone-t8xh9            0/1     Terminating         0          2s
canary-cbfc7fdc9-ntd5b      0/1     Completed           0          11s
green-984784c7d-cd8b2       0/1     Completed           0          15s
blue-5f5bb9895c-7bqm6       0/1     Completed           0          15s
standalone-99hgx            0/1     Terminating         0          2s
rolling-6f4cd979fd-dqhmz    1/1     Terminating         0          17s
rolling-6f4cd979fd-fp6q6    1/1     Terminating         0          16s
standalone-5xfqq            0/1     Terminating         0          2s
stable-77f8cdb6d4-j8chm     1/1     Terminating         0          11s
crashloop                   0/1     ContainerCreating   0          2s
stable-77f8cdb6d4-hx5mq     1/1     Terminating         0          12s
stable-77f8cdb6d4-qx4zj     1/1     Terminating         0          12s
recreate-567d8b59c8-trqrz   1/1     Terminating         0          4s
recreate-567d8b59c8-j9vrk   1/1     Terminating         0          4s
blue-5f5bb9895c-7bqm6       0/1     Completed           0          16s
blue-5f5bb9895c-7bqm6       0/1     Completed           0          16s
canary-cbfc7fdc9-ntd5b      0/1     Completed           0          12s
canary-cbfc7fdc9-ntd5b      0/1     Completed           0          12s
green-984784c7d-cd8b2       0/1     Completed           0          16s
green-984784c7d-cd8b2       0/1     Completed           0          16s
stable-77f8cdb6d4-lsw89     1/1     Terminating         0          12s
stable-77f8cdb6d4-nktsw     1/1     Terminating         0          12s
rolling-6f4cd979fd-fp6q6    0/1     Completed           0          17s
stable-77f8cdb6d4-hpmtx     1/1     Terminating         0          12s
stable-77f8cdb6d4-tgxcq     1/1     Terminating         0          12s
stable-77f8cdb6d4-288p9     1/1     Terminating         0          12s
rolling-6f4cd979fd-dqhmz    0/1     Completed           0          18s
stable-77f8cdb6d4-qx4zj     0/1     Completed           0          13s
stable-77f8cdb6d4-87b4k     1/1     Terminating         0          13s
stable-77f8cdb6d4-hx5mq     0/1     Completed           0          13s
stable-77f8cdb6d4-j8chm     0/1     Completed           0          13s
recreate-567d8b59c8-trqrz   1/1     Terminating         0          5s
standalone-t8xh9            1/1     Terminating         0          4s
standalone-5xfqq            1/1     Terminating         0          4s
recreate-567d8b59c8-j9vrk   1/1     Terminating         0          5s
standalone-99hgx            1/1     Terminating         0          4s
stable-77f8cdb6d4-qx4zj     0/1     Completed           0          13s
stable-77f8cdb6d4-qx4zj     0/1     Completed           0          13s
stable-77f8cdb6d4-hx5mq     0/1     Completed           0          13s
stable-77f8cdb6d4-hx5mq     0/1     Completed           0          13s
rolling-6f4cd979fd-dqhmz    0/1     Completed           0          19s
rolling-6f4cd979fd-dqhmz    0/1     Completed           0          19s
rolling-6f4cd979fd-fp6q6    0/1     Completed           0          18s
rolling-6f4cd979fd-fp6q6    0/1     Completed           0          18s
stable-77f8cdb6d4-tgxcq     0/1     Completed           0          13s
stable-77f8cdb6d4-j8chm     0/1     Completed           0          13s
stable-77f8cdb6d4-j8chm     0/1     Completed           0          13s
stable-77f8cdb6d4-lsw89     0/1     Completed           0          13s
stable-77f8cdb6d4-nktsw     0/1     Completed           0          13s
stable-77f8cdb6d4-288p9     0/1     Completed           0          13s
stable-77f8cdb6d4-hpmtx     0/1     Completed           0          13s
standalone-5xfqq            1/1     Terminating         0          4s
standalone-99hgx            1/1     Terminating         0          4s
standalone-t8xh9            1/1     Terminating         0          4s
stable-77f8cdb6d4-87b4k     0/1     Completed           0          14s
recreate-567d8b59c8-trqrz   0/1     Completed           0          6s
recreate-567d8b59c8-j9vrk   0/1     Completed           0          6s
standalone-5xfqq            0/1     Completed           0          5s
crashloop                   0/1     Error               0          4s
standalone-99hgx            0/1     Completed           0          5s
stable-77f8cdb6d4-hpmtx     0/1     Completed           0          14s
stable-77f8cdb6d4-hpmtx     0/1     Completed           0          14s
stable-77f8cdb6d4-lsw89     0/1     Completed           0          14s
stable-77f8cdb6d4-lsw89     0/1     Completed           0          14s
recreate-567d8b59c8-trqrz   0/1     Completed           0          6s
recreate-567d8b59c8-trqrz   0/1     Completed           0          6s
stable-77f8cdb6d4-nktsw     0/1     Completed           0          14s
stable-77f8cdb6d4-nktsw     0/1     Completed           0          14s
stable-77f8cdb6d4-288p9     0/1     Completed           0          14s
stable-77f8cdb6d4-288p9     0/1     Completed           0          14s
recreate-567d8b59c8-j9vrk   0/1     Completed           0          6s
recreate-567d8b59c8-j9vrk   0/1     Completed           0          6s
stable-77f8cdb6d4-87b4k     0/1     Completed           0          14s
stable-77f8cdb6d4-87b4k     0/1     Completed           0          14s
stable-77f8cdb6d4-tgxcq     0/1     Completed           0          14s
stable-77f8cdb6d4-tgxcq     0/1     Completed           0          14s
standalone-t8xh9            0/1     Completed           0          5s
standalone-5xfqq            0/1     Completed           0          5s
standalone-5xfqq            0/1     Completed           0          5s
crashloop                   0/1     Error               1 (2s ago)   5s
standalone-99hgx            0/1     Completed           0            6s
standalone-99hgx            0/1     Completed           0            6s
standalone-t8xh9            0/1     Completed           0            6s
standalone-t8xh9            0/1     Completed           0            6s
crashloop                   0/1     CrashLoopBackOff    1 (2s ago)   6s
crashloop                   0/1     Terminating         1 (3s ago)   7s
crashloop                   0/1     Terminating         1            7s
crashloop                   0/1     Terminating         1            7s
crashloop                   0/1     Error               1            7s
crashloop                   0/1     Error               1            8s
crashloop                   0/1     Error               1            8s
failed                      0/1     Pending             0            0s
failed                      0/1     Pending             0            0s
failed                      0/1     ContainerCreating   0            0s
failed                      0/1     ContainerCreating   0            1s
failed                      0/1     Error               0            1s
failed                      0/1     Error               0            2s
failed                      0/1     Error               0            2s
failed                      0/1     Error               0            3s
failed                      0/1     Error               0            3s
imagepull                   0/1     Pending             0            0s
imagepull                   0/1     Pending             0            0s
imagepull                   0/1     ContainerCreating   0            0s
imagepull                   0/1     ContainerCreating   0            0s
imagepull                   0/1     ErrImagePull        0            1s
imagepull                   0/1     ImagePullBackOff    0            2s
imagepull                   0/1     Terminating         0            3s
imagepull                   0/1     Terminating         0            3s
imagepull                   0/1     Terminating         0            3s
imagepull                   0/1     Terminating         0            3s
imagepull                   0/1     ContainerStatusUnknown   0            4s
imagepull                   0/1     ContainerStatusUnknown   0            4s
imagepull                   0/1     ContainerStatusUnknown   0            4s
init-demo                   0/1     Pending                  0            0s
init-demo                   0/1     Pending                  0            0s
init-demo                   0/1     Init:0/1                 0            0s
init-demo                   0/1     Init:0/1                 0            1s
init-demo                   0/1     Init:0/1                 0            1s
